2026-08-14 23:57:09,341 - INFO - ETL pipeline started
2026-08-14 23:57:09,342 - INFO - Extracted 5 customers, 5 transactions, 4 products
2026-08-14 23:57:09,344 - INFO - Transformation completed
2026-08-14 23:57:09,355 - INFO - Warehouse load completed
2026-08-14 23:57:09,355 - INFO - ETL pipeline completed successfully
2026-08-14 23:57:26,812 - INFO - ETL pipeline started
2026-08-14 23:57:26,814 - INFO - Extracted 5 customers, 5 transactions, 4 products
2026-08-14 23:57:26,818 - INFO - Transformation completed
2026-08-14 23:57:26,830 - INFO - Warehouse load completed
2026-08-14 23:57:26,830 - INFO - ETL pipeline completed successfully
2026-08-15 22:28:55,795 - INFO - ETL pipeline started
2026-08-15 22:28:55,797 - INFO - Extracted 5 customers, 5 transactions, 4 products
2026-08-15 22:28:55,802 - INFO - Transformation completed
2026-08-15 22:28:55,811 - INFO - Warehouse load completed
2026-08-15 22:28:55,811 - INFO - ETL pipeline completed successfully
2026-08-15 23:10:23,608 - INFO - ETL pipeline started
2026-08-15 23:11:48,360 - INFO - ETL pipeline started
2026-08-15 23:13:01,505 - INFO - ETL pipeline started
2026-08-15 23:16:57,999 - INFO - ETL pipeline started
2026-08-15 23:16:58,005 - INFO - Extracted 500 customers, 2000 transactions, 50 products
2026-08-15 23:16:58,008 - INFO - Transformation completed
2026-08-15 23:16:58,021 - INFO - Warehouse load completed
2026-08-15 23:16:58,021 - INFO - ETL pipeline completed successfully
2026-08-15 23:54:13,610 - INFO - ETL pipeline started
2026-08-15 23:54:13,614 - INFO - Extracted 500 customers, 2000 transactions, 50 products
2026-08-15 23:54:13,617 - INFO - Transformation completed
2026-08-15 23:54:13,631 - INFO - Warehouse load completed
2026-08-15 23:54:13,631 - INFO - ETL pipeline completed successfully
2026-08-15 23:56:15,973 - INFO - ETL pipeline started
2026-08-15 23:56:15,976 - INFO - Extracted 500 customers, 2000 transactions, 50 products
2026-08-15 23:56:15,979 - INFO - Transformation completed
2026-08-15 23:56:15,997 - INFO - Warehouse load completed
2026-08-15 23:56:15,997 - INFO - ETL pipeline completed successfully
2026-08-16 00:01:17,333 - INFO - ETL pipeline started
2026-08-16 00:01:17,336 - INFO - Extracted 500 customers, 2000 transactions, 50 products
2026-08-16 00:01:17,341 - INFO - Transformation completed
2026-08-16 00:01:17,364 - INFO - Warehouse load completed
2026-08-16 00:01:17,364 - INFO - ETL pipeline completed successfully
2026-08-16 00:10:27,317 - INFO - ETL pipeline started
2026-08-16 00:10:27,321 - INFO - Extracted 500 customers, 2000 transactions, 50 products
2026-08-16 00:10:27,324 - INFO - Transformation completed
2026-08-16 00:10:27,338 - INFO - Warehouse load completed
2026-08-16 00:10:27,338 - INFO - ETL pipeline completed successfully
